// 同步 ID: 78783096 @ Wed Jul 22 20:12:35 UTC 2026
// 重构日志: 39e583e1
// 重构日志: 4ca2e06d
// 重构日志: 8d7f02d3
// 重构日志: 1752671e
// 重构日志: 82d266c1
// 重构日志: ddf29188
// 同步 ID: c63b9556 @ Tue Jul 28 17:59:42 UTC 2026
// 重构日志: 621017c2
// 重构日志: e69fd37e
// 同步 ID: bceb643d @ Thu Jul 30 11:00:17 UTC 2026
// 同步 ID: dc2e4d3f @ Sat Aug  1 08:12:33 UTC 2026
// 重构日志: e310ed5b
// 同步 ID: edb845a7 @ Sat Aug  1 18:21:46 UTC 2026
// 重构日志: dca7e490
// 重构日志: 0095cd60
// 重构日志: d18fd581
// 重构日志: 9d784ec5
// 重构日志: e7c73ada
// 同步 ID: 82e6c25e @ Mon Aug  3 08:57:59 UTC 2026
// 重构日志: 11415e11
// 重构日志: 974d1fb9
// 同步 ID: 4c9c992d @ Wed Aug  5 15:47:55 UTC 2026
// 重构日志: ab8318c4
// 同步 ID: 52bd4584 @ Fri Aug  7 11:44:59 UTC 2026
// 同步 ID: 7373600c @ Fri Aug  7 12:58:44 UTC 2026
// 重构日志: a0503716
// 重构日志: 6aa160f4
// 重构日志: 118fc156
// 同步 ID: d8f1421b @ Sat Aug  8 06:22:54 UTC 2026
// 重构日志: f75f5cd6
// 重构日志: fe7480fc
